Sections:
00: "org0001:1000" (1000-1046)


Source: "prueba.X68"
                            	     1: ;        ORG $1000
                            	     2:         
                            	     3: ; START:
                            	     4: ;        MOVE #%1110001110101111,CCR
                            	     5: ;        MOVE SR,D0
                            	     6: ;        END START
                            	     7: 
                            	     8:  ; MOVEM TEST
                            	     9:         ORG $1000
                            	    10:         INCLUDE "test.X68"

Source: "test.X68"
                            	     1: EDITINIT
00:00001000 427900000000    	     2:     CLR.W   (SELVTX)
00:00001006 423900000000    	     3:     CLR.B   (EDITSTAT)     ; SELECT
00:0000100C 4E75            	     4:     RTS

Source: "prueba.X68"
                            	    11: 
00:0000100E 0007            	    12: ETI     DC.W    7
                            	    13: 
                            	    14: START:
00:00001010 41F8100E        	    15:         LEA  ETI,A0
00:00001014 30BC0001        	    16:         MOVE.W  #1,(A0)
00:00001018 317C00020002    	    17:         MOVE.W  #2,2(A0)
00:0000101E 317C00030004    	    18:         MOVE.W  #3,4(A0)
00:00001024 317C00040006    	    19:         MOVE.W  #4,6(A0)
00:0000102A 317C00050008    	    20:         MOVE.W  #5,8(A0)
00:00001030 317C0006000A    	    21:         MOVE.W  #6,10(A0)
00:00001036 317C0007000C    	    22:         MOVE.W  #7,12(A0)
00:0000103C 317C0008000E    	    23:         MOVE.W  #8,14(A0)
                            	    24:         
                            	    25: ;         ; TEST 1 (PASSED)
                            	    26: ;         MOVEM.W (A0)+,D0-D7
                            	    27: ;         MOVEM.W D0-D7,-(A0)
                            	    28: ;         MOVEM.W (A0),D0-D7
                            	    29: 
                            	    30:         ; TEST 2 (PASSED)
00:00001042 4C9828D3        	    31:         MOVEM.W (A0)+,D0-D1/A3/A5/D4/D6-D7
                            	    32:         END START
                            	    33: 
                            	    34: ; SUBROUTINE TEST #2 (PASSED)
                            	    35: *---------------------------------------------------------------------
                            	    36: * Program : Example subroutine 2. Library subroutine with use of stack
                            	    37: * Description: SUM.W = sum the components of a vector, VEC, of N words
                            	    38: *---------------------------------------------------------------------
                            	    39: ;         ORG     $1000
                            	    40: ;         
                            	    41: ; SUMVEC:
                            	    42: ;         MOVE.L D0,-(A7)         ; save value of D0 in the stack
                            	    43: ;         MOVE.L D1,-(A7)         ; save value of D1 in the stack
                            	    44: ;         MOVE.L A0,-(A7)         ; save value of A0 in the stack
                            	    45: ;         
                            	    46: ;         SUBQ.W #2,A7 ; reserve space for a 1-word local 
                            	    47: ;         
                            	    48: ;         MOVE.W 22(A7),D0 ; get 1st input parameter (#N)
                            	    49: ;         MOVE.L 18(A7),A0 ; get 2nd input parameter (@VEC)
                            	    50: ;         
                            	    51: ;         CLR.W (A7) ; initialize local variable
                            	    52: ;         SUBQ.W #1,D0 ; adjust loop counter
                            	    53: ;         SUMLOOP:
                            	    54: ;         MOVE.W (A0)+,D1 ; get vector component and point to next one
                            	    55: ;         ADD.W D1,(A7) ; accumulate addition in local variable
                            	    56: ;         DBRA D0,SUMLOOP
                            	    57: ;         
                            	    58: ;         MOVE.W (A7),24(A7) ; transfer result to the output parameter
                            	    59: ;         
                            	    60: ;         ADDQ.W #2,A7
                            	    61: ;         
                            	    62: ;         MOVE.L (A7)+,A0 ; restore value of A0
                            	    63: ;         MOVE.L (A7)+,D1 ; restore value of D1
                            	    64: ;         MOVE.L (A7)+,D0 ; restore value of D0
                            	    65: ;         
                            	    66: ;         RTS
                            	    67: ;         
                            	    68: ; N       EQU 5           ; vector length
                            	    69: ; VEC     DC.W 1,-3,3,4,100
                            	    70: ; SUM     DS.W 1
                            	    71: ; START:
                            	    72: ;         LEA     VEC,A0
                            	    73: ;         
                            	    74: ;         MOVE.W  #0,-(A7)        ; reserve space for output parameter and initia.
                            	    75: ;         MOVE.W  #N,-(A7)        ; reserve space and initialize input parameters
                            	    76: ;         MOVE.L  A0,-(A7)
                            	    77: ;         
                            	    78: ;         JSR SUMVEC              ; call to subroutine
                            	    79: ;         
                            	    80: ;         ADDQ.L #6,A7            ; discard the two input parameters from stack
                            	    81: ;         MOVE.W (A7)+,SUM        ; get the output parameter and discard it
                            	    82: ;         
                            	    83: ;         MOVE.W  SUM,D2
                            	    84:         
                            	    85: 
                            	    86: ; SUBTROUTINE TEST #1 (PASSED)
                            	    87: *---------------------------------------------------------------------
                            	    88: * Program: Example subroutine 1
                            	    89: * Description: Z.W = (sum of N first natural numbers)
                            	    90: * + (sum of M first natural numbers)
                            	    91: * - (sum of N + M first natural numbers)
                            	    92: *---------------------------------------------------------------------
                            	    93: ;         ORG $1000
                            	    94: ; SUMATORIO:
                            	    95: ;         MOVE.W #0,D1
                            	    96: ;         ET0:
                            	    97: ;         ADD.W D0,D1
                            	    98: ;         DBRA D0,ET0
                            	    99: ;         RTS
                            	   100: ;         
                            	   101: ; N       EQU -3
                            	   102: ; M       EQU -8
                            	   103: ; Z       DS.W 1
                            	   104: ; START:
                            	   105: ;         MOVE.W #N,D0
                            	   106: ;         JSR SUMATORIO
                            	   107: ;         MOVE.W D1,Z
                            	   108: ;         
                            	   109: ;         MOVE.W #M,D0
                            	   110: ;         JSR SUMATORIO
                            	   111: ;         ADD.W D1,Z
                            	   112: ;         
                            	   113: ;         MOVE.W #N,D0
                            	   114: ;         ADD.W #M,D0
                            	   115: ;         JSR SUMATORIO
                            	   116: ;         SUB.W D1,Z
                            	   117: ;         
                            	   118: ;         MOVE.W  Z,D2
                            	   119: ;         
                            	   120: ;         END     START


Symbols by name:
EDITINIT                         A:00001000
EDITSTAT                        external
ETI                              A:0000100E
SELVTX                          external
START                            A:00001010

Symbols by value:
00001000 EDITINIT
0000100E ETI
00001010 START
